// Jest Snapshot v1, https://goo.gl/fbAQLP

exports[`Header should match snapshot 1`] = `
<nav
  className="navbar navbar-light navbar-secondary navbar-expand"
>
  <Container>
    <HeaderTitle
      href="#"
    >
      Title
    </HeaderTitle>
  </Container>
</nav>
`;
