// Jest Snapshot v1, https://goo.gl/fbAQLP

exports[`Tooltip should match toast snapshot 1`] = `
<Manager>
  <Reference>
    <Component />
  </Reference>
</Manager>
`;
