// Jest Snapshot v1, https://goo.gl/fbAQLP

exports[`Spinners should match snapshot 1`] = `
<div
  className="spinner-grow text-red spinner-border-sm"
  role="status"
/>
`;
